** Drc report for pcb/ultra-choc-wings.kicad_pcb **
** Created on 2026-10-08 21:36:18 **

** Found 278 DRC violations **
[silk_overlap]: Silkscreen overlap
    Rule: board setup constraints silk; Severity: warning
    @(18.2500 mm, -39.5000 mm): Line on F.Silkscreen
    @(26.0000 mm, -38.0000 mm): Line on F.Silkscreen
[silk_overlap]: Silkscreen overlap
    Rule: board setup constraints silk; Severity: warning
    @(0.2500 mm, -27.5000 mm): Line on F.Silkscreen
    @(8.0000 mm, -26.0000 mm): Line on F.Silkscreen
[silk_overlap]: Silkscreen overlap
    Rule: board setup constraints silk; Severity: warning
    @(26.0000 mm, -21.0000 mm): Line on F.Silkscreen
    @(18.2500 mm, -22.5000 mm): Line on F.Silkscreen
[silk_overlap]: Silkscreen overlap
    Rule: board setup constraints silk; Severity: warning
    @(44.0000 mm, -44.0000 mm): Line on F.Silkscreen
    @(36.2500 mm, -45.5000 mm): Line on F.Silkscreen
[silk_overlap]: Silkscreen overlap
    Rule: board setup constraints silk; Severity: warning
    @(36.2500 mm, -28.5000 mm): Line on F.Silkscreen
    @(44.0000 mm, -27.0000 mm): Line on F.Silkscreen
[silk_overlap]: Silkscreen overlap
    Rule: board setup constraints silk; Severity: warning
    @(54.2500 mm, -21.8750 mm): Line on F.Silkscreen
    @(62.0000 mm, -20.3750 mm): Line on F.Silkscreen
[silk_overlap]: Silkscreen overlap
    Rule: board setup constraints silk; Severity: warning
    @(54.2500 mm, -4.8750 mm): Line on F.Silkscreen
    @(62.0000 mm, -3.3750 mm): Line on F.Silkscreen
[silk_overlap]: Silkscreen overlap
    Rule: board setup constraints silk; Severity: warning
    @(47.0500 mm, 0.6900 mm): Line on F.Silkscreen
    @(40.1000 mm, 0.5900 mm): Line on F.Silkscreen
[silk_overlap]: Silkscreen overlap
    Rule: board setup constraints silk; Severity: warning
    @(72.2500 mm, -36.5000 mm): Line on F.Silkscreen
    @(80.0000 mm, -35.0000 mm): Line on F.Silkscreen
[silk_overlap]: Silkscreen overlap
    Rule: board setup constraints silk; Severity: warning
    @(80.0000 mm, -18.0000 mm): Line on F.Silkscreen
    @(72.2500 mm, -19.5000 mm): Line on F.Silkscreen
[silk_overlap]: Silkscreen overlap
    Rule: board setup constraints silk; Severity: warning
    @(72.2500 mm, -2.5000 mm): Line on F.Silkscreen
    @(80.0000 mm, -1.0000 mm): Line on F.Silkscreen
[silk_overlap]: Silkscreen overlap
    Rule: board setup constraints silk; Severity: warning
    @(8.0000 mm, 8.0000 mm): Line on F.Silkscreen
    @(0.2500 mm, 6.5000 mm): Line on F.Silkscreen
[silk_overlap]: Silkscreen overlap
    Rule: board setup constraints silk; Severity: warning
    @(18.2500 mm, -5.5000 mm): Line on F.Silkscreen
    @(26.0000 mm, -4.0000 mm): Line on F.Silkscreen
[silk_overlap]: Silkscreen overlap
    Rule: board setup constraints silk; Severity: warning
    @(0.2500 mm, -10.5000 mm): Line on F.Silkscreen
    @(8.0000 mm, -9.0000 mm): Line on F.Silkscreen
[silk_overlap]: Silkscreen overlap
    Rule: board setup constraints silk; Severity: warning
    @(62.4931 mm, 1.3820 mm): Line on F.Silkscreen
    @(69.1804 mm, 3.2774 mm): Line on F.Silkscreen
[silk_overlap]: Silkscreen overlap
    Rule: board setup constraints silk; Severity: warning
    @(91.7907 mm, 7.0234 mm): Line on F.Silkscreen
    @(85.8218 mm, 3.4618 mm): Line on F.Silkscreen
[silk_overlap]: Silkscreen overlap
    Rule: board setup constraints silk; Severity: warning
    @(44.0000 mm, -10.0000 mm): Line on F.Silkscreen
    @(36.2500 mm, -11.5000 mm): Line on F.Silkscreen
[silk_overlap]: Silkscreen overlap
    Rule: board setup constraints silk; Severity: warning
    @(54.2500 mm, -38.8750 mm): Line on F.Silkscreen
    @(62.0000 mm, -37.3750 mm): Line on F.Silkscreen
[silk_overlap]: Silkscreen overlap
    Rule: board setup constraints silk; Severity: warning
    @(4.9500 mm, -27.5000 mm): Line on B.Silkscreen
    @(8.0000 mm, -26.0000 mm): Line on B.Silkscreen
[silk_overlap]: Silkscreen overlap
    Rule: board setup constraints silk; Severity: warning
    @(22.9500 mm, -5.5000 mm): Line on B.Silkscreen
    @(26.0000 mm, -4.0000 mm): Line on B.Silkscreen
[silk_overlap]: Silkscreen overlap
    Rule: board setup constraints silk; Severity: warning
    @(4.9500 mm, 6.5000 mm): Line on B.Silkscreen
    @(8.0000 mm, 8.0000 mm): Line on B.Silkscreen
[silk_overlap]: Silkscreen overlap
    Rule: board setup constraints silk; Severity: warning
    @(44.0000 mm, -10.0000 mm): Line on B.Silkscreen
    @(40.9500 mm, -11.5000 mm): Line on B.Silkscreen
[silk_overlap]: Silkscreen overlap
    Rule: board setup constraints silk; Severity: warning
    @(4.9500 mm, -10.5000 mm): Line on B.Silkscreen
    @(8.0000 mm, -9.0000 mm): Line on B.Silkscreen
[silk_overlap]: Silkscreen overlap
    Rule: board setup constraints silk; Severity: warning
    @(58.9500 mm, -4.8750 mm): Line on B.Silkscreen
    @(62.0000 mm, -3.3750 mm): Line on B.Silkscreen
[silk_overlap]: Silkscreen overlap
    Rule: board setup constraints silk; Severity: warning
    @(76.9500 mm, -19.5000 mm): Line on B.Silkscreen
    @(80.0000 mm, -18.0000 mm): Line on B.Silkscreen
[silk_overlap]: Silkscreen overlap
    Rule: board setup constraints silk; Severity: warning
    @(95.8610 mm, 9.3734 mm): Line on B.Silkscreen
    @(85.8218 mm, 3.4618 mm): Line on B.Silkscreen
[silk_overlap]: Silkscreen overlap
    Rule: board setup constraints silk; Severity: warning
    @(76.9500 mm, -2.5000 mm): Line on B.Silkscreen
    @(80.0000 mm, -1.0000 mm): Line on B.Silkscreen
[silk_overlap]: Silkscreen overlap
    Rule: board setup constraints silk; Severity: warning
    @(62.4931 mm, 1.3820 mm): Line on B.Silkscreen
    @(73.7203 mm, 4.4939 mm): Line on B.Silkscreen
[silk_overlap]: Silkscreen overlap
    Rule: board setup constraints silk; Severity: warning
    @(51.7500 mm, 0.6900 mm): Line on B.Silkscreen
    @(40.1000 mm, 0.5900 mm): Line on B.Silkscreen
[silk_overlap]: Silkscreen overlap
    Rule: board setup constraints silk; Severity: warning
    @(22.9500 mm, -22.5000 mm): Line on B.Silkscreen
    @(26.0000 mm, -21.0000 mm): Line on B.Silkscreen
[silk_overlap]: Silkscreen overlap
    Rule: board setup constraints silk; Severity: warning
    @(22.9500 mm, -39.5000 mm): Line on B.Silkscreen
    @(26.0000 mm, -38.0000 mm): Line on B.Silkscreen
[silk_overlap]: Silkscreen overlap
    Rule: board setup constraints silk; Severity: warning
    @(40.9500 mm, -28.5000 mm): Line on B.Silkscreen
    @(44.0000 mm, -27.0000 mm): Line on B.Silkscreen
[silk_overlap]: Silkscreen overlap
    Rule: board setup constraints silk; Severity: warning
    @(44.0000 mm, -44.0000 mm): Line on B.Silkscreen
    @(40.9500 mm, -45.5000 mm): Line on B.Silkscreen
[silk_overlap]: Silkscreen overlap
    Rule: board setup constraints silk; Severity: warning
    @(76.9500 mm, -36.5000 mm): Line on B.Silkscreen
    @(80.0000 mm, -35.0000 mm): Line on B.Silkscreen
[silk_overlap]: Silkscreen overlap
    Rule: board setup constraints silk; Severity: warning
    @(62.0000 mm, -20.3750 mm): Line on B.Silkscreen
    @(58.9500 mm, -21.8750 mm): Line on B.Silkscreen
[silk_overlap]: Silkscreen overlap
    Rule: board setup constraints silk; Severity: warning
    @(62.0000 mm, -37.3750 mm): Line on B.Silkscreen
    @(58.9500 mm, -38.8750 mm): Line on B.Silkscreen
[silk_over_copper]: Silkscreen clipped by solder mask
    Local override; Severity: warning
    @(-8.0000 mm, -42.0000 mm): Line on B.Silkscreen
[silk_over_copper]: Silkscreen clipped by solder mask
    Local override; Severity: warning
    @(-8.0000 mm, -42.0000 mm): Line on F.Silkscreen
[silk_over_copper]: Silkscreen clipped by solder mask
    Local override; Severity: warning
    @(88.5000 mm, 14.8230 mm): Reference 'SW18'
[silk_over_copper]: Silkscreen clipped by solder mask
    Local override; Severity: warning
    @(13.7000 mm, -61.2500 mm): Line on B.Silkscreen
[silk_over_copper]: Silkscreen clipped by solder mask
    Local override; Severity: warning
    @(13.7000 mm, -61.2500 mm): Line on B.Silkscreen
[silk_over_copper]: Silkscreen clipped by solder mask
    Local override; Severity: warning
    @(13.7000 mm, -58.4000 mm): Line on B.Silkscreen
[silk_over_copper]: Silkscreen clipped by solder mask
    Local override; Severity: warning
    @(20.3000 mm, -58.4000 mm): Line on B.Silkscreen
[silk_over_copper]: Silkscreen clipped by solder mask
    Local override; Severity: warning
    @(13.7000 mm, -61.2500 mm): Line on F.Silkscreen
[silk_over_copper]: Silkscreen clipped by solder mask
    Local override; Severity: warning
    @(13.7000 mm, -61.2500 mm): Line on F.Silkscreen
[silk_over_copper]: Silkscreen clipped by solder mask
    Local override; Severity: warning
    @(13.7000 mm, -58.4000 mm): Line on F.Silkscreen
[silk_over_copper]: Silkscreen clipped by solder mask
    Local override; Severity: warning
    @(20.3000 mm, -58.4000 mm): Line on F.Silkscreen
[solder_mask_bridge]: Front solder mask aperture bridges items with different nets
    Rule: board setup solder mask min width; Severity: error
    @(6.3500 mm, -61.1200 mm): Pad [<no net>] of xiao-ble1 on F.Cu
    @(7.6200 mm, -61.1200 mm): PTH pad [<no net>] of xiao-ble1
[solder_mask_bridge]: Front solder mask aperture bridges items with different nets
    Rule: board setup solder mask min width; Severity: error
    @(6.3500 mm, -61.1200 mm): Pad [<no net>] of xiao-ble1 on F.Cu
    @(5.8420 mm, -61.1200 mm): Pad [<no net>] of xiao-ble1 on F.Cu
[solder_mask_bridge]: Rear solder mask aperture bridges items with different nets
    Rule: board setup solder mask min width; Severity: error
    @(6.3500 mm, -61.1200 mm): Pad [<no net>] of xiao-ble1 on B.Cu
    @(7.6200 mm, -61.1200 mm): PTH pad [<no net>] of xiao-ble1
[solder_mask_bridge]: Rear solder mask aperture bridges items with different nets
    Rule: board setup solder mask min width; Severity: error
    @(6.3500 mm, -61.1200 mm): Pad [<no net>] of xiao-ble1 on B.Cu
    @(5.8420 mm, -61.1200 mm): Pad [<no net>] of xiao-ble1 on B.Cu
[solder_mask_bridge]: Rear solder mask aperture bridges items with different nets
    Rule: board setup solder mask min width; Severity: error
    @(-17.6120 mm, -13.9700 mm): Polygon on B.Mask
    @(4.8260 mm, -61.1200 mm): Track [P0] on B.Cu, length 0.3278 mm
[solder_mask_bridge]: Front solder mask aperture bridges items with different nets
    Rule: board setup solder mask min width; Severity: error
    @(-6.3500 mm, -61.1200 mm): Pad [<no net>] of xiao-ble1 on F.Cu
    @(-5.8420 mm, -61.1200 mm): Pad [<no net>] of xiao-ble1 on F.Cu
[solder_mask_bridge]: Front solder mask aperture bridges items with different nets
    Rule: board setup solder mask min width; Severity: error
    @(-6.3500 mm, -61.1200 mm): Pad [<no net>] of xiao-ble1 on F.Cu
    @(-7.6200 mm, -61.1200 mm): PTH pad [<no net>] of xiao-ble1
[solder_mask_bridge]: Rear solder mask aperture bridges items with different nets
    Rule: board setup solder mask min width; Severity: error
    @(-6.3500 mm, -61.1200 mm): Pad [<no net>] of xiao-ble1 on B.Cu
    @(-7.6200 mm, -61.1200 mm): PTH pad [<no net>] of xiao-ble1
[solder_mask_bridge]: Rear solder mask aperture bridges items with different nets
    Rule: board setup solder mask min width; Severity: error
    @(-6.3500 mm, -61.1200 mm): Pad [<no net>] of xiao-ble1 on B.Cu
    @(-5.8420 mm, -61.1200 mm): Pad [<no net>] of xiao-ble1 on B.Cu
[solder_mask_bridge]: Front solder mask aperture bridges items with different nets
    Rule: board setup solder mask min width; Severity: error
    @(6.3500 mm, -58.5800 mm): Pad [<no net>] of xiao-ble1 on F.Cu
    @(7.6200 mm, -58.5800 mm): PTH pad [<no net>] of xiao-ble1
[solder_mask_bridge]: Front solder mask aperture bridges items with different nets
    Rule: board setup solder mask min width; Severity: error
    @(6.3500 mm, -58.5800 mm): Pad [<no net>] of xiao-ble1 on F.Cu
    @(5.8420 mm, -58.5800 mm): Pad [<no net>] of xiao-ble1 on F.Cu
[solder_mask_bridge]: Front solder mask aperture bridges items with different nets
    Rule: board setup solder mask min width; Severity: error
    @(-15.0720 mm, -13.9700 mm): Polygon on F.Mask
    @(4.5290 mm, -58.5800 mm): Track [GND] on F.Cu, length 1.6251 mm
[solder_mask_bridge]: Rear solder mask aperture bridges items with different nets
    Rule: board setup solder mask min width; Severity: error
    @(6.3500 mm, -58.5800 mm): Pad [<no net>] of xiao-ble1 on B.Cu
    @(7.6200 mm, -58.5800 mm): PTH pad [<no net>] of xiao-ble1
[solder_mask_bridge]: Rear solder mask aperture bridges items with different nets
    Rule: board setup solder mask min width; Severity: error
    @(6.3500 mm, -58.5800 mm): Pad [<no net>] of xiao-ble1 on B.Cu
    @(5.8420 mm, -58.5800 mm): Pad [<no net>] of xiao-ble1 on B.Cu
[solder_mask_bridge]: Front solder mask aperture bridges items with different nets
    Rule: board setup solder mask min width; Severity: error
    @(-6.3500 mm, -58.5800 mm): Pad [<no net>] of xiao-ble1 on F.Cu
    @(-7.6200 mm, -58.5800 mm): PTH pad [<no net>] of xiao-ble1
[solder_mask_bridge]: Front solder mask aperture bridges items with different nets
    Rule: board setup solder mask min width; Severity: error
    @(-6.3500 mm, -58.5800 mm): Pad [<no net>] of xiao-ble1 on F.Cu
    @(-5.8420 mm, -58.5800 mm): Pad [<no net>] of xiao-ble1 on F.Cu
[solder_mask_bridge]: Rear solder mask aperture bridges items with different nets
    Rule: board setup solder mask min width; Severity: error
    @(-6.3500 mm, -58.5800 mm): Pad [<no net>] of xiao-ble1 on B.Cu
    @(-7.6200 mm, -58.5800 mm): PTH pad [<no net>] of xiao-ble1
[solder_mask_bridge]: Rear solder mask aperture bridges items with different nets
    Rule: board setup solder mask min width; Severity: error
    @(-6.3500 mm, -58.5800 mm): Pad [<no net>] of xiao-ble1 on B.Cu
    @(-5.8420 mm, -58.5800 mm): Pad [<no net>] of xiao-ble1 on B.Cu
[solder_mask_bridge]: Front solder mask aperture bridges items with different nets
    Rule: board setup solder mask min width; Severity: error
    @(6.3500 mm, -56.0400 mm): Pad [<no net>] of xiao-ble1 on F.Cu
    @(7.6200 mm, -56.0400 mm): PTH pad [<no net>] of xiao-ble1
[solder_mask_bridge]: Front solder mask aperture bridges items with different nets
    Rule: board setup solder mask min width; Severity: error
    @(6.3500 mm, -56.0400 mm): Pad [<no net>] of xiao-ble1 on F.Cu
    @(5.8420 mm, -56.0400 mm): Pad [<no net>] of xiao-ble1 on F.Cu
[solder_mask_bridge]: Rear solder mask aperture bridges items with different nets
    Rule: board setup solder mask min width; Severity: error
    @(6.3500 mm, -56.0400 mm): Pad [<no net>] of xiao-ble1 on B.Cu
    @(5.8420 mm, -56.0400 mm): Pad [<no net>] of xiao-ble1 on B.Cu
[solder_mask_bridge]: Rear solder mask aperture bridges items with different nets
    Rule: board setup solder mask min width; Severity: error
    @(6.3500 mm, -56.0400 mm): Pad [<no net>] of xiao-ble1 on B.Cu
    @(7.6200 mm, -56.0400 mm): PTH pad [<no net>] of xiao-ble1
[solder_mask_bridge]: Front solder mask aperture bridges items with different nets
    Rule: board setup solder mask min width; Severity: error
    @(-6.3500 mm, -56.0400 mm): Pad [<no net>] of xiao-ble1 on F.Cu
    @(-7.6200 mm, -56.0400 mm): PTH pad [<no net>] of xiao-ble1
[solder_mask_bridge]: Front solder mask aperture bridges items with different nets
    Rule: board setup solder mask min width; Severity: error
    @(-6.3500 mm, -56.0400 mm): Pad [<no net>] of xiao-ble1 on F.Cu
    @(-5.8420 mm, -56.0400 mm): Pad [<no net>] of xiao-ble1 on F.Cu
[solder_mask_bridge]: Rear solder mask aperture bridges items with different nets
    Rule: board setup solder mask min width; Severity: error
    @(-6.3500 mm, -56.0400 mm): Pad [<no net>] of xiao-ble1 on B.Cu
    @(-7.6200 mm, -56.0400 mm): PTH pad [<no net>] of xiao-ble1
[solder_mask_bridge]: Rear solder mask aperture bridges items with different nets
    Rule: board setup solder mask min width; Severity: error
    @(-13.5480 mm, -3.8100 mm): Polygon on B.Mask
    @(-6.2320 mm, -54.6340 mm): Track [VCC3] on B.Cu, length 1.9884 mm
[solder_mask_bridge]: Rear solder mask aperture bridges items with different nets
    Rule: board setup solder mask min width; Severity: error
    @(-6.3500 mm, -56.0400 mm): Pad [<no net>] of xiao-ble1 on B.Cu
    @(-5.8420 mm, -56.0400 mm): Pad [<no net>] of xiao-ble1 on B.Cu
[solder_mask_bridge]: Front solder mask aperture bridges items with different nets
    Rule: board setup solder mask min width; Severity: error
    @(6.3500 mm, -53.5000 mm): Pad [<no net>] of xiao-ble1 on F.Cu
    @(5.8420 mm, -53.5000 mm): Pad [<no net>] of xiao-ble1 on F.Cu
[solder_mask_bridge]: Front solder mask aperture bridges items with different nets
    Rule: board setup solder mask min width; Severity: error
    @(6.3500 mm, -53.5000 mm): Pad [<no net>] of xiao-ble1 on F.Cu
    @(7.6200 mm, -53.5000 mm): PTH pad [<no net>] of xiao-ble1
[solder_mask_bridge]: Rear solder mask aperture bridges items with different nets
    Rule: board setup solder mask min width; Severity: error
    @(6.3500 mm, -53.5000 mm): Pad [<no net>] of xiao-ble1 on B.Cu
    @(7.6200 mm, -53.5000 mm): PTH pad [<no net>] of xiao-ble1
[solder_mask_bridge]: Rear solder mask aperture bridges items with different nets
    Rule: board setup solder mask min width; Severity: error
    @(6.3500 mm, -53.5000 mm): Pad [<no net>] of xiao-ble1 on B.Cu
    @(5.8420 mm, -53.5000 mm): Pad [<no net>] of xiao-ble1 on B.Cu
[solder_mask_bridge]: Rear solder mask aperture bridges items with different nets
    Rule: board setup solder mask min width; Severity: error
    @(-9.9920 mm, -13.9700 mm): Polygon on B.Mask
    @(4.8260 mm, -53.5000 mm): Track [P3] on B.Cu, length 1.6000 mm
[solder_mask_bridge]: Front solder mask aperture bridges items with different nets
    Rule: board setup solder mask min width; Severity: error
    @(-6.3500 mm, -53.5000 mm): Pad [<no net>] of xiao-ble1 on F.Cu
    @(-7.6200 mm, -53.5000 mm): PTH pad [<no net>] of xiao-ble1
[solder_mask_bridge]: Front solder mask aperture bridges items with different nets
    Rule: board setup solder mask min width; Severity: error
    @(-6.3500 mm, -53.5000 mm): Pad [<no net>] of xiao-ble1 on F.Cu
    @(-5.8420 mm, -53.5000 mm): Pad [<no net>] of xiao-ble1 on F.Cu
[solder_mask_bridge]: Rear solder mask aperture bridges items with different nets
    Rule: board setup solder mask min width; Severity: error
    @(-6.3500 mm, -53.5000 mm): Pad [<no net>] of xiao-ble1 on B.Cu
    @(-5.8420 mm, -53.5000 mm): Pad [<no net>] of xiao-ble1 on B.Cu
[solder_mask_bridge]: Rear solder mask aperture bridges items with different nets
    Rule: board setup solder mask min width; Severity: error
    @(-6.3500 mm, -53.5000 mm): Pad [<no net>] of xiao-ble1 on B.Cu
    @(-7.6200 mm, -53.5000 mm): PTH pad [<no net>] of xiao-ble1
[solder_mask_bridge]: Front solder mask aperture bridges items with different nets
    Rule: board setup solder mask min width; Severity: error
    @(-7.4520 mm, -13.9700 mm): Polygon on F.Mask
    @(4.8260 mm, -50.9600 mm): Track [P9] on F.Cu, length 1.6136 mm
[solder_mask_bridge]: Front solder mask aperture bridges items with different nets
    Rule: board setup solder mask min width; Severity: error
    @(6.3500 mm, -50.9600 mm): Pad [<no net>] of xiao-ble1 on F.Cu
    @(7.6200 mm, -50.9600 mm): PTH pad [<no net>] of xiao-ble1
[solder_mask_bridge]: Front solder mask aperture bridges items with different nets
    Rule: board setup solder mask min width; Severity: error
    @(6.3500 mm, -50.9600 mm): Pad [<no net>] of xiao-ble1 on F.Cu
    @(5.8420 mm, -50.9600 mm): Pad [<no net>] of xiao-ble1 on F.Cu
[solder_mask_bridge]: Rear solder mask aperture bridges items with different nets
    Rule: board setup solder mask min width; Severity: error
    @(6.3500 mm, -50.9600 mm): Pad [<no net>] of xiao-ble1 on B.Cu
    @(5.8420 mm, -50.9600 mm): Pad [<no net>] of xiao-ble1 on B.Cu
[solder_mask_bridge]: Rear solder mask aperture bridges items with different nets
    Rule: board setup solder mask min width; Severity: error
    @(-7.4520 mm, -13.9700 mm): Polygon on B.Mask
    @(4.8260 mm, -50.9600 mm): Track [P4] on B.Cu, length 1.6691 mm
[solder_mask_bridge]: Rear solder mask aperture bridges items with different nets
    Rule: board setup solder mask min width; Severity: error
    @(6.3500 mm, -50.9600 mm): Pad [<no net>] of xiao-ble1 on B.Cu
    @(7.6200 mm, -50.9600 mm): PTH pad [<no net>] of xiao-ble1
[solder_mask_bridge]: Front solder mask aperture bridges items with different nets
    Rule: board setup solder mask min width; Severity: error
    @(-6.3500 mm, -50.9600 mm): Pad [<no net>] of xiao-ble1 on F.Cu
    @(-7.6200 mm, -50.9600 mm): PTH pad [<no net>] of xiao-ble1
[solder_mask_bridge]: Front solder mask aperture bridges items with different nets
    Rule: board setup solder mask min width; Severity: error
    @(-6.3500 mm, -50.9600 mm): Pad [<no net>] of xiao-ble1 on F.Cu
    @(-5.8420 mm, -50.9600 mm): Pad [<no net>] of xiao-ble1 on F.Cu
[solder_mask_bridge]: Rear solder mask aperture bridges items with different nets
    Rule: board setup solder mask min width; Severity: error
    @(-6.3500 mm, -50.9600 mm): Pad [<no net>] of xiao-ble1 on B.Cu
    @(-7.6200 mm, -50.9600 mm): PTH pad [<no net>] of xiao-ble1
[solder_mask_bridge]: Rear solder mask aperture bridges items with different nets
    Rule: board setup solder mask min width; Severity: error
    @(-6.3500 mm, -50.9600 mm): Pad [<no net>] of xiao-ble1 on B.Cu
    @(-5.8420 mm, -50.9600 mm): Pad [<no net>] of xiao-ble1 on B.Cu
[solder_mask_bridge]: Front solder mask aperture bridges items with different nets
    Rule: board setup solder mask min width; Severity: error
    @(6.3500 mm, -48.4200 mm): Pad [<no net>] of xiao-ble1 on F.Cu
    @(5.8420 mm, -48.4200 mm): Pad [<no net>] of xiao-ble1 on F.Cu
[solder_mask_bridge]: Front solder mask aperture bridges items with different nets
    Rule: board setup solder mask min width; Severity: error
    @(6.3500 mm, -48.4200 mm): Pad [<no net>] of xiao-ble1 on F.Cu
    @(7.6200 mm, -48.4200 mm): PTH pad [<no net>] of xiao-ble1
[solder_mask_bridge]: Front solder mask aperture bridges items with different nets
    Rule: board setup solder mask min width; Severity: error
    @(-4.9120 mm, -13.9700 mm): Polygon on F.Mask
    @(4.8260 mm, -48.4200 mm): Track [P8] on F.Cu, length 1.6402 mm
[solder_mask_bridge]: Rear solder mask aperture bridges items with different nets
    Rule: board setup solder mask min width; Severity: error
    @(6.3500 mm, -48.4200 mm): Pad [<no net>] of xiao-ble1 on B.Cu
    @(7.6200 mm, -48.4200 mm): PTH pad [<no net>] of xiao-ble1
[solder_mask_bridge]: Rear solder mask aperture bridges items with different nets
    Rule: board setup solder mask min width; Severity: error
    @(6.3500 mm, -48.4200 mm): Pad [<no net>] of xiao-ble1 on B.Cu
    @(5.8420 mm, -48.4200 mm): Pad [<no net>] of xiao-ble1 on B.Cu
[solder_mask_bridge]: Front solder mask aperture bridges items with different nets
    Rule: board setup solder mask min width; Severity: error
    @(-6.3500 mm, -48.4200 mm): Pad [<no net>] of xiao-ble1 on F.Cu
    @(-5.8420 mm, -48.4200 mm): Pad [<no net>] of xiao-ble1 on F.Cu
[solder_mask_bridge]: Front solder mask aperture bridges items with different nets
    Rule: board setup solder mask min width; Severity: error
    @(-6.3500 mm, -48.4200 mm): Pad [<no net>] of xiao-ble1 on F.Cu
    @(-7.6200 mm, -48.4200 mm): PTH pad [<no net>] of xiao-ble1
[solder_mask_bridge]: Rear solder mask aperture bridges items with different nets
    Rule: board setup solder mask min width; Severity: error
    @(-6.3500 mm, -48.4200 mm): Pad [<no net>] of xiao-ble1 on B.Cu
    @(-5.8420 mm, -48.4200 mm): Pad [<no net>] of xiao-ble1 on B.Cu
[solder_mask_bridge]: Rear solder mask aperture bridges items with different nets
    Rule: board setup solder mask min width; Severity: error
    @(-6.3500 mm, -48.4200 mm): Pad [<no net>] of xiao-ble1 on B.Cu
    @(-7.6200 mm, -48.4200 mm): PTH pad [<no net>] of xiao-ble1
[solder_mask_bridge]: Front solder mask aperture bridges items with different nets
    Rule: board setup solder mask min width; Severity: error
    @(6.3500 mm, -45.8800 mm): Pad [<no net>] of xiao-ble1 on F.Cu
    @(7.6200 mm, -45.8800 mm): PTH pad [<no net>] of xiao-ble1
[solder_mask_bridge]: Front solder mask aperture bridges items with different nets
    Rule: board setup solder mask min width; Severity: error
    @(6.3500 mm, -45.8800 mm): Pad [<no net>] of xiao-ble1 on F.Cu
    @(5.8420 mm, -45.8800 mm): Pad [<no net>] of xiao-ble1 on F.Cu
[solder_mask_bridge]: Rear solder mask aperture bridges items with different nets
    Rule: board setup solder mask min width; Severity: error
    @(6.3500 mm, -45.8800 mm): Pad [<no net>] of xiao-ble1 on B.Cu
    @(7.6200 mm, -45.8800 mm): PTH pad [<no net>] of xiao-ble1
[solder_mask_bridge]: Rear solder mask aperture bridges items with different nets
    Rule: board setup solder mask min width; Severity: error
    @(6.3500 mm, -45.8800 mm): Pad [<no net>] of xiao-ble1 on B.Cu
    @(5.8420 mm, -45.8800 mm): Pad [<no net>] of xiao-ble1 on B.Cu
[solder_mask_bridge]: Front solder mask aperture bridges items with different nets
    Rule: board setup solder mask min width; Severity: error
    @(-6.3500 mm, -45.8800 mm): Pad [<no net>] of xiao-ble1 on F.Cu
    @(-5.8420 mm, -45.8800 mm): Pad [<no net>] of xiao-ble1 on F.Cu
[solder_mask_bridge]: Front solder mask aperture bridges items with different nets
    Rule: board setup solder mask min width; Severity: error
    @(-6.3500 mm, -45.8800 mm): Pad [<no net>] of xiao-ble1 on F.Cu
    @(-7.6200 mm, -45.8800 mm): PTH pad [<no net>] of xiao-ble1
[solder_mask_bridge]: Rear solder mask aperture bridges items with different nets
    Rule: board setup solder mask min width; Severity: error
    @(-6.3500 mm, -45.8800 mm): Pad [<no net>] of xiao-ble1 on B.Cu
    @(-7.6200 mm, -45.8800 mm): PTH pad [<no net>] of xiao-ble1
[solder_mask_bridge]: Rear solder mask aperture bridges items with different nets
    Rule: board setup solder mask min width; Severity: error
    @(-6.3500 mm, -45.8800 mm): Pad [<no net>] of xiao-ble1 on B.Cu
    @(-5.8420 mm, -45.8800 mm): Pad [<no net>] of xiao-ble1 on B.Cu
[solder_mask_bridge]: Front solder mask aperture bridges items with different nets
    Rule: board setup solder mask min width; Severity: error
    @(-17.6120 mm, -13.9700 mm): Polygon on F.Mask
    @(5.8420 mm, -61.1200 mm): Pad [<no net>] of xiao-ble1 on F.Cu
[solder_mask_bridge]: Rear solder mask aperture bridges items with different nets
    Rule: board setup solder mask min width; Severity: error
    @(-18.6280 mm, -3.8100 mm): Polygon on B.Mask
    @(-5.8420 mm, -61.1200 mm): Pad [<no net>] of xiao-ble1 on B.Cu
[solder_mask_bridge]: Front solder mask aperture bridges items with different nets
    Rule: board setup solder mask min width; Severity: error
    @(-15.0720 mm, -13.9700 mm): Polygon on F.Mask
    @(5.8420 mm, -58.5800 mm): Pad [<no net>] of xiao-ble1 on F.Cu
[solder_mask_bridge]: Rear solder mask aperture bridges items with different nets
    Rule: board setup solder mask min width; Severity: error
    @(-16.0880 mm, -3.8100 mm): Polygon on B.Mask
    @(-5.8420 mm, -58.5800 mm): Pad [<no net>] of xiao-ble1 on B.Cu
[solder_mask_bridge]: Front solder mask aperture bridges items with different nets
    Rule: board setup solder mask min width; Severity: error
    @(-12.5320 mm, -13.9700 mm): Polygon on F.Mask
    @(5.8420 mm, -56.0400 mm): Pad [<no net>] of xiao-ble1 on F.Cu
[solder_mask_bridge]: Rear solder mask aperture bridges items with different nets
    Rule: board setup solder mask min width; Severity: error
    @(-13.5480 mm, -3.8100 mm): Polygon on B.Mask
    @(-5.8420 mm, -56.0400 mm): Pad [<no net>] of xiao-ble1 on B.Cu
[solder_mask_bridge]: Front solder mask aperture bridges items with different nets
    Rule: board setup solder mask min width; Severity: error
    @(-9.9920 mm, -13.9700 mm): Polygon on F.Mask
    @(5.8420 mm, -53.5000 mm): Pad [<no net>] of xiao-ble1 on F.Cu
[solder_mask_bridge]: Rear solder mask aperture bridges items with different nets
    Rule: board setup solder mask min width; Severity: error
    @(-11.0080 mm, -3.8100 mm): Polygon on B.Mask
    @(-5.8420 mm, -53.5000 mm): Pad [<no net>] of xiao-ble1 on B.Cu
[solder_mask_bridge]: Front solder mask aperture bridges items with different nets
    Rule: board setup solder mask min width; Severity: error
    @(-7.4520 mm, -13.9700 mm): Polygon on F.Mask
    @(5.8420 mm, -50.9600 mm): Pad [<no net>] of xiao-ble1 on F.Cu
[solder_mask_bridge]: Rear solder mask aperture bridges items with different nets
    Rule: board setup solder mask min width; Severity: error
    @(-8.4680 mm, -3.8100 mm): Polygon on B.Mask
    @(-5.8420 mm, -50.9600 mm): Pad [<no net>] of xiao-ble1 on B.Cu
[solder_mask_bridge]: Front solder mask aperture bridges items with different nets
    Rule: board setup solder mask min width; Severity: error
    @(-4.9120 mm, -13.9700 mm): Polygon on F.Mask
    @(5.8420 mm, -48.4200 mm): Pad [<no net>] of xiao-ble1 on F.Cu
[solder_mask_bridge]: Rear solder mask aperture bridges items with different nets
    Rule: board setup solder mask min width; Severity: error
    @(-5.9280 mm, -3.8100 mm): Polygon on B.Mask
    @(-5.8420 mm, -48.4200 mm): Pad [<no net>] of xiao-ble1 on B.Cu
[solder_mask_bridge]: Front solder mask aperture bridges items with different nets
    Rule: board setup solder mask min width; Severity: error
    @(-2.3720 mm, -13.9700 mm): Polygon on F.Mask
    @(5.8420 mm, -45.8800 mm): Pad [<no net>] of xiao-ble1 on F.Cu
[solder_mask_bridge]: Rear solder mask aperture bridges items with different nets
    Rule: board setup solder mask min width; Severity: error
    @(-3.3880 mm, -3.8100 mm): Polygon on B.Mask
    @(-5.8420 mm, -45.8800 mm): Pad [<no net>] of xiao-ble1 on B.Cu
[solder_mask_bridge]: Rear solder mask aperture bridges items with different nets
    Rule: board setup solder mask min width; Severity: error
    @(-2.3720 mm, -13.9700 mm): Polygon on B.Mask
    @(5.8420 mm, -45.8800 mm): Pad [<no net>] of xiao-ble1 on B.Cu
[solder_mask_bridge]: Front solder mask aperture bridges items with different nets
    Rule: board setup solder mask min width; Severity: error
    @(-3.3880 mm, -3.8100 mm): Polygon on F.Mask
    @(-5.8420 mm, -45.8800 mm): Pad [<no net>] of xiao-ble1 on F.Cu
[solder_mask_bridge]: Rear solder mask aperture bridges items with different nets
    Rule: board setup solder mask min width; Severity: error
    @(-4.9120 mm, -13.9700 mm): Polygon on B.Mask
    @(5.8420 mm, -48.4200 mm): Pad [<no net>] of xiao-ble1 on B.Cu
[solder_mask_bridge]: Front solder mask aperture bridges items with different nets
    Rule: board setup solder mask min width; Severity: error
    @(-5.9280 mm, -3.8100 mm): Polygon on F.Mask
    @(-5.8420 mm, -48.4200 mm): Pad [<no net>] of xiao-ble1 on F.Cu
[solder_mask_bridge]: Rear solder mask aperture bridges items with different nets
    Rule: board setup solder mask min width; Severity: error
    @(-7.4520 mm, -13.9700 mm): Polygon on B.Mask
    @(5.8420 mm, -50.9600 mm): Pad [<no net>] of xiao-ble1 on B.Cu
[solder_mask_bridge]: Front solder mask aperture bridges items with different nets
    Rule: board setup solder mask min width; Severity: error
    @(-8.4680 mm, -3.8100 mm): Polygon on F.Mask
    @(-5.8420 mm, -50.9600 mm): Pad [<no net>] of xiao-ble1 on F.Cu
[solder_mask_bridge]: Rear solder mask aperture bridges items with different nets
    Rule: board setup solder mask min width; Severity: error
    @(-9.9920 mm, -13.9700 mm): Polygon on B.Mask
    @(5.8420 mm, -53.5000 mm): Pad [<no net>] of xiao-ble1 on B.Cu
[solder_mask_bridge]: Front solder mask aperture bridges items with different nets
    Rule: board setup solder mask min width; Severity: error
    @(-11.0080 mm, -3.8100 mm): Polygon on F.Mask
    @(-5.8420 mm, -53.5000 mm): Pad [<no net>] of xiao-ble1 on F.Cu
[solder_mask_bridge]: Rear solder mask aperture bridges items with different nets
    Rule: board setup solder mask min width; Severity: error
    @(-12.5320 mm, -13.9700 mm): Polygon on B.Mask
    @(5.8420 mm, -56.0400 mm): Pad [<no net>] of xiao-ble1 on B.Cu
[solder_mask_bridge]: Front solder mask aperture bridges items with different nets
    Rule: board setup solder mask min width; Severity: error
    @(-13.5480 mm, -3.8100 mm): Polygon on F.Mask
    @(-5.8420 mm, -56.0400 mm): Pad [<no net>] of xiao-ble1 on F.Cu
[solder_mask_bridge]: Rear solder mask aperture bridges items with different nets
    Rule: board setup solder mask min width; Severity: error
    @(-15.0720 mm, -13.9700 mm): Polygon on B.Mask
    @(5.8420 mm, -58.5800 mm): Pad [<no net>] of xiao-ble1 on B.Cu
[solder_mask_bridge]: Front solder mask aperture bridges items with different nets
    Rule: board setup solder mask min width; Severity: error
    @(-16.0880 mm, -3.8100 mm): Polygon on F.Mask
    @(-5.8420 mm, -58.5800 mm): Pad [<no net>] of xiao-ble1 on F.Cu
[solder_mask_bridge]: Rear solder mask aperture bridges items with different nets
    Rule: board setup solder mask min width; Severity: error
    @(-17.6120 mm, -13.9700 mm): Polygon on B.Mask
    @(5.8420 mm, -61.1200 mm): Pad [<no net>] of xiao-ble1 on B.Cu
[solder_mask_bridge]: Front solder mask aperture bridges items with different nets
    Rule: board setup solder mask min width; Severity: error
    @(-18.6280 mm, -3.8100 mm): Polygon on F.Mask
    @(-5.8420 mm, -61.1200 mm): Pad [<no net>] of xiao-ble1 on F.Cu
[lib_footprint_issues]: The current configuration does not include the library 'ucw'.
    Local override; Severity: warning
    @(20.6000 mm, -4.8000 mm): Footprint D4
[lib_footprint_issues]: The current configuration does not include the library ''.
    Local override; Severity: warning
    @(54.0000 mm, -28.3750 mm): Footprint SW11
[lib_footprint_issues]: The current configuration does not include the library 'ucw'.
    Local override; Severity: warning
    @(56.6000 mm, -4.1750 mm): Footprint D10
[lib_footprint_issues]: The current configuration does not include the library 'ucw'.
    Local override; Severity: warning
    @(2.0000 mm, 10.8000 mm): Footprint H2
[lib_footprint_issues]: The current configuration does not include the library 'ucw'.
    Local override; Severity: warning
    @(20.6000 mm, -21.8000 mm): Footprint D5
[lib_footprint_issues]: The current configuration does not include the library 'ucw'.
    Local override; Severity: warning
    @(15.4000 mm, -4.8000 mm): Footprint R4
[lib_footprint_issues]: The current configuration does not include the library 'ucw'.
    Local override; Severity: warning
    @(33.4000 mm, -44.8000 mm): Footprint R9
[lib_footprint_issues]: The current configuration does not include the library 'ucw'.
    Local override; Severity: warning
    @(51.4000 mm, -38.1750 mm): Footprint R12
[lib_footprint_issues]: The current configuration does not include the library 'ucw'.
    Local override; Severity: warning
    @(74.6000 mm, -18.8000 mm): Footprint D14
[lib_footprint_issues]: The current configuration does not include the library 'ucw'.
    Local override; Severity: warning
    @(24.5000 mm, -59.5000 mm): Footprint H1
[lib_footprint_issues]: The current configuration does not include the library 'ucw'.
    Local override; Severity: warning
    @(90.0000 mm, 12.2249 mm): Footprint L18
[lib_footprint_issues]: The current configuration does not include the library 'ucw'.
    Local override; Severity: warning
    @(49.4000 mm, 1.3900 mm): Footprint D16
[lib_footprint_issues]: The current configuration does not include the library 'ucw'.
    Local override; Severity: warning
    @(54.0000 mm, -13.8750 mm): Footprint L10
[lib_footprint_issues]: The current configuration does not include the library 'ucw'.
    Local override; Severity: warning
    @(20.6000 mm, -38.8000 mm): Footprint D6
[lib_footprint_issues]: The current configuration does not include the library ''.
    Local override; Severity: warning
    @(54.0000 mm, -11.3750 mm): Footprint SW10
[lib_footprint_issues]: The current configuration does not include the library 'ucw'.
    Local override; Severity: warning
    @(29.0000 mm, -5.5000 mm): Footprint C1
[lib_footprint_issues]: The current configuration does not include the library 'ucw'.
    Local override; Severity: warning
    @(44.2000 mm, 1.3900 mm): Footprint R16
[lib_footprint_issues]: The current configuration does not include the library ''.
    Local override; Severity: warning
    @(0.0000 mm, -34.0000 mm): Footprint SW3
[lib_footprint_issues]: The current configuration does not include the library ''.
    Local override; Severity: warning
    @(18.0000 mm, -46.0000 mm): Footprint SW6
[lib_footprint_issues]: The current configuration does not include the library 'ucw'.
    Local override; Severity: warning
    @(74.6000 mm, -35.8000 mm): Footprint D15
[lib_footprint_issues]: The current configuration does not include the library 'ucw'.
    Local override; Severity: warning
    @(2.6000 mm, 7.2000 mm): Footprint D1
[lib_footprint_issues]: The current configuration does not include the library 'ucw'.
    Local override; Severity: warning
    @(18.0000 mm, -14.5000 mm): Footprint L4
[lib_footprint_issues]: The current configuration does not include the library ''.
    Local override; Severity: warning
    @(68.1500 mm, 11.1800 mm): Footprint SW17
[lib_footprint_issues]: The current configuration does not include the library 'ucw'.
    Local override; Severity: warning
    @(0.0000 mm, -36.5000 mm): Footprint L3
[lib_footprint_issues]: The current configuration does not include the library ''.
    Local override; Severity: warning
    @(18.0000 mm, -29.0000 mm): Footprint SW5
[lib_footprint_issues]: The current configuration does not include the library ''.
    Local override; Severity: warning
    @(36.0000 mm, -18.0000 mm): Footprint SW7
[lib_footprint_issues]: The current configuration does not include the library 'ucw'.
    Local override; Severity: warning
    @(-2.6000 mm, -26.8000 mm): Footprint R3
[lib_footprint_issues]: The current configuration does not include the library 'ucw'.
    Local override; Severity: warning
    @(72.0000 mm, -28.5000 mm): Footprint L14
[lib_footprint_issues]: The current configuration does not include the library 'ucw'.
    Local override; Severity: warning
    @(36.0000 mm, -37.5000 mm): Footprint L8
[lib_footprint_issues]: The current configuration does not include the library 'ucw'.
    Local override; Severity: warning
    @(36.0000 mm, -54.5000 mm): Footprint L9
[lib_footprint_issues]: The current configuration does not include the library 'ucw'.
    Local override; Severity: warning
    @(72.0000 mm, -11.5000 mm): Footprint L13
[lib_footprint_issues]: The current configuration does not include the library 'ucw'.
    Local override; Severity: warning
    @(56.6000 mm, -38.1750 mm): Footprint D12
[lib_footprint_issues]: The current configuration does not include the library ''.
    Local override; Severity: warning
    @(72.0000 mm, -26.0000 mm): Footprint SW14
[lib_footprint_issues]: The current configuration does not include the library 'ucw'.
    Local override; Severity: warning
    @(93.4758 mm, 8.8046 mm): Footprint D18
[lib_footprint_issues]: The current configuration does not include the library 'ucw'.
    Local override; Severity: warning
    @(39.0000 mm, -7.0000 mm): Footprint Q1
[lib_footprint_issues]: The current configuration does not include the library 'ucw'.
    Local override; Severity: warning
    @(29.0000 mm, -9.0000 mm): Footprint D19
[lib_footprint_issues]: The current configuration does not include the library 'ucw'.
    Local override; Severity: warning
    @(88.9725 mm, 6.2046 mm): Footprint R18
[lib_footprint_issues]: The current configuration does not include the library ''.
    Local override; Severity: warning
    @(88.7500 mm, 14.3900 mm): Footprint SW18
[lib_footprint_issues]: The current configuration does not include the library 'ucw'.
    Local override; Severity: warning
    @(71.2692 mm, 4.5618 mm): Footprint D17
[lib_footprint_issues]: The current configuration does not include the library 'ucw'.
    Local override; Severity: warning
    @(-2.6000 mm, -9.8000 mm): Footprint R2
[lib_footprint_issues]: The current configuration does not include the library 'ucw'.
    Local override; Severity: warning
    @(69.4000 mm, -35.8000 mm): Footprint R15
[lib_footprint_issues]: The current configuration does not include the library 'ucw'.
    Local override; Severity: warning
    @(36.0000 mm, -20.5000 mm): Footprint L7
[lib_footprint_issues]: The current configuration does not include the library ''.
    Local override; Severity: warning
    @(0.0000 mm, 0.0000 mm): Footprint SW1
[lib_footprint_issues]: The current configuration does not include the library ''.
    Local override; Severity: warning
    @(36.0000 mm, -52.0000 mm): Footprint SW9
[lib_footprint_issues]: The current configuration does not include the library 'ucw'.
    Local override; Severity: warning
    @(18.0000 mm, -48.5000 mm): Footprint L6
[lib_footprint_issues]: The current configuration does not include the library 'ucw'.
    Local override; Severity: warning
    @(38.6000 mm, -27.8000 mm): Footprint D8
[lib_footprint_issues]: The current configuration does not include the library 'ucw'.
    Local override; Severity: warning
    @(2.6000 mm, -9.8000 mm): Footprint D2
[lib_footprint_issues]: The current configuration does not include the library 'ucw'.
    Local override; Severity: warning
    @(15.4000 mm, -38.8000 mm): Footprint R6
[lib_footprint_issues]: The current configuration does not include the library 'ucw'.
    Local override; Severity: warning
    @(54.0000 mm, -47.8750 mm): Footprint L12
[lib_footprint_issues]: The current configuration does not include the library 'ucw'.
    Local override; Severity: warning
    @(69.4000 mm, -18.8000 mm): Footprint R14
[lib_footprint_issues]: The current configuration does not include the library 'ucw'.
    Local override; Severity: warning
    @(22.0000 mm, 10.0000 mm): Footprint BT1
[lib_footprint_issues]: The current configuration does not include the library ''.
    Local override; Severity: warning
    @(54.0000 mm, -45.3750 mm): Footprint SW12
[lib_footprint_issues]: The current configuration does not include the library 'ucw'.
    Local override; Severity: warning
    @(39.0000 mm, -2.5000 mm): Footprint R19
[lib_footprint_issues]: The current configuration does not include the library 'ucw'.
    Local override; Severity: warning
    @(66.2464 mm, 3.2159 mm): Footprint R17
[lib_footprint_issues]: The current configuration does not include the library 'ucw'.
    Local override; Severity: warning
    @(54.0000 mm, -30.8750 mm): Footprint L11
[lib_footprint_issues]: The current configuration does not include the library 'ucw'.
    Local override; Severity: warning
    @(51.4000 mm, -21.1750 mm): Footprint R11
[lib_footprint_issues]: The current configuration does not include the library 'ucw'.
    Local override; Severity: warning
    @(38.6000 mm, -10.8000 mm): Footprint D7
[lib_footprint_issues]: The current configuration does not include the library 'ucw'.
    Local override; Severity: warning
    @(17.0000 mm, -59.9000 mm): Footprint T1
[lib_footprint_issues]: The current configuration does not include the library ''.
    Local override; Severity: warning
    @(36.0000 mm, -35.0000 mm): Footprint SW8
[lib_footprint_issues]: The current configuration does not include the library 'ucw'.
    Local override; Severity: warning
    @(68.7970 mm, 8.7652 mm): Footprint L17
[lib_footprint_issues]: The current configuration does not include the library 'ucw'.
    Local override; Severity: warning
    @(33.4000 mm, -27.8000 mm): Footprint R8
[lib_footprint_issues]: The current configuration does not include the library 'ucw'.
    Local override; Severity: warning
    @(-2.6000 mm, 7.2000 mm): Footprint R1
[lib_footprint_issues]: The current configuration does not include the library 'ucw'.
    Local override; Severity: warning
    @(74.6000 mm, -1.8000 mm): Footprint D13
[lib_footprint_issues]: The current configuration does not include the library ''.
    Local override; Severity: warning
    @(18.0000 mm, -12.0000 mm): Footprint SW4
[lib_footprint_issues]: The current configuration does not include the library 'ucw'.
    Local override; Severity: warning
    @(2.6000 mm, -26.8000 mm): Footprint D3
[lib_footprint_issues]: The current configuration does not include the library 'ucw'.
    Local override; Severity: warning
    @(0.0000 mm, -19.5000 mm): Footprint L2
[lib_footprint_issues]: The current configuration does not include the library ''.
    Local override; Severity: warning
    @(48.1000 mm, 8.5900 mm): Footprint SW16
[lib_footprint_issues]: The current configuration does not include the library 'ucw'.
    Local override; Severity: warning
    @(38.6000 mm, -44.8000 mm): Footprint D9
[lib_footprint_issues]: The current configuration does not include the library 'ucw'.
    Local override; Severity: warning
    @(69.4000 mm, -1.8000 mm): Footprint R13
[lib_footprint_issues]: The current configuration does not include the library 'ucw'.
    Local override; Severity: warning
    @(15.4000 mm, -21.8000 mm): Footprint R5
[lib_footprint_issues]: The current configuration does not include the library ''.
    Local override; Severity: warning
    @(0.0000 mm, -17.0000 mm): Footprint SW2
[lib_footprint_issues]: The current configuration does not include the library 'ucw'.
    Local override; Severity: warning
    @(76.5000 mm, 2.5000 mm): Footprint H3
[lib_footprint_issues]: The current configuration does not include the library ''.
    Local override; Severity: warning
    @(-8.8900 mm, -43.0000 mm): Footprint xiao-ble1
[lib_footprint_issues]: The current configuration does not include the library 'ucw'.
    Local override; Severity: warning
    @(0.0000 mm, -2.5000 mm): Footprint L1
[lib_footprint_issues]: The current configuration does not include the library 'ucw'.
    Local override; Severity: warning
    @(56.6000 mm, -21.1750 mm): Footprint D11
[lib_footprint_issues]: The current configuration does not include the library 'ucw'.
    Local override; Severity: warning
    @(72.0000 mm, -45.5000 mm): Footprint L15
[lib_footprint_issues]: The current configuration does not include the library 'ucw'.
    Local override; Severity: warning
    @(18.0000 mm, -31.5000 mm): Footprint L5
[lib_footprint_issues]: The current configuration does not include the library 'ucw'.
    Local override; Severity: warning
    @(33.4000 mm, -10.8000 mm): Footprint R7
[lib_footprint_issues]: The current configuration does not include the library 'ucw'.
    Local override; Severity: warning
    @(48.1000 mm, 6.0900 mm): Footprint L16
[lib_footprint_issues]: The current configuration does not include the library 'ucw'.
    Local override; Severity: warning
    @(51.4000 mm, -4.1750 mm): Footprint R10
[lib_footprint_issues]: The current configuration does not include the library ''.
    Local override; Severity: warning
    @(0.0000 mm, -42.5000 mm): Footprint PAD1
[lib_footprint_issues]: The current configuration does not include the library ''.
    Local override; Severity: warning
    @(72.0000 mm, -9.0000 mm): Footprint SW13
[lib_footprint_issues]: The current configuration does not include the library ''.
    Local override; Severity: warning
    @(72.0000 mm, -43.0000 mm): Footprint SW15
[lib_footprint_issues]: The current configuration does not include the library 'ucw'.
    Local override; Severity: warning
    @(33.0000 mm, -3.0000 mm): Footprint C2
[hole_clearance]: Hole clearance violation (board setup constraints hole clearance 0.2500 mm; actual 0.2200 mm)
    Rule: board setup constraints hole; Severity: error
    @(7.6200 mm, -61.1200 mm): PTH pad [<no net>] of xiao-ble1
    @(6.3500 mm, -61.1200 mm): Pad [<no net>] of xiao-ble1 on F.Cu
[hole_clearance]: Hole clearance violation (board setup constraints hole clearance 0.2500 mm; actual 0.2200 mm)
    Rule: board setup constraints hole; Severity: error
    @(7.6200 mm, -61.1200 mm): PTH pad [<no net>] of xiao-ble1
    @(6.3500 mm, -61.1200 mm): Pad [<no net>] of xiao-ble1 on B.Cu
[clearance]: Clearance violation (pad clearance 0.1000 mm; actual 0.0000 mm)
    Local override; Severity: error
    @(6.3500 mm, -61.1200 mm): Pad [<no net>] of xiao-ble1 on F.Cu
    @(5.8420 mm, -61.1200 mm): Pad [<no net>] of xiao-ble1 on F.Cu
[clearance]: Clearance violation (pad clearance 0.1000 mm; actual 0.0000 mm)
    Local override; Severity: error
    @(6.3500 mm, -61.1200 mm): Pad [<no net>] of xiao-ble1 on B.Cu
    @(5.8420 mm, -61.1200 mm): Pad [<no net>] of xiao-ble1 on B.Cu
[clearance]: Clearance violation (pad clearance 0.1000 mm; actual 0.0000 mm)
    Local override; Severity: error
    @(-5.8420 mm, -61.1200 mm): Pad [<no net>] of xiao-ble1 on F.Cu
    @(-6.3500 mm, -61.1200 mm): Pad [<no net>] of xiao-ble1 on F.Cu
[clearance]: Clearance violation (pad clearance 0.1000 mm; actual 0.0000 mm)
    Local override; Severity: error
    @(-5.8420 mm, -61.1200 mm): Pad [<no net>] of xiao-ble1 on B.Cu
    @(-6.3500 mm, -61.1200 mm): Pad [<no net>] of xiao-ble1 on B.Cu
[hole_clearance]: Hole clearance violation (board setup constraints hole clearance 0.2500 mm; actual 0.2200 mm)
    Rule: board setup constraints hole; Severity: error
    @(-6.3500 mm, -61.1200 mm): Pad [<no net>] of xiao-ble1 on F.Cu
    @(-7.6200 mm, -61.1200 mm): PTH pad [<no net>] of xiao-ble1
[hole_clearance]: Hole clearance violation (board setup constraints hole clearance 0.2500 mm; actual 0.2200 mm)
    Rule: board setup constraints hole; Severity: error
    @(-6.3500 mm, -61.1200 mm): Pad [<no net>] of xiao-ble1 on B.Cu
    @(-7.6200 mm, -61.1200 mm): PTH pad [<no net>] of xiao-ble1
[hole_clearance]: Hole clearance violation (board setup constraints hole clearance 0.2500 mm; actual 0.2200 mm)
    Rule: board setup constraints hole; Severity: error
    @(7.6200 mm, -58.5800 mm): PTH pad [<no net>] of xiao-ble1
    @(6.3500 mm, -58.5800 mm): Pad [<no net>] of xiao-ble1 on F.Cu
[hole_clearance]: Hole clearance violation (board setup constraints hole clearance 0.2500 mm; actual 0.2200 mm)
    Rule: board setup constraints hole; Severity: error
    @(7.6200 mm, -58.5800 mm): PTH pad [<no net>] of xiao-ble1
    @(6.3500 mm, -58.5800 mm): Pad [<no net>] of xiao-ble1 on B.Cu
[clearance]: Clearance violation (pad clearance 0.1000 mm; actual 0.0000 mm)
    Local override; Severity: error
    @(6.3500 mm, -58.5800 mm): Pad [<no net>] of xiao-ble1 on F.Cu
    @(5.8420 mm, -58.5800 mm): Pad [<no net>] of xiao-ble1 on F.Cu
[clearance]: Clearance violation (pad clearance 0.1000 mm; actual 0.0000 mm)
    Local override; Severity: error
    @(6.3500 mm, -58.5800 mm): Pad [<no net>] of xiao-ble1 on B.Cu
    @(5.8420 mm, -58.5800 mm): Pad [<no net>] of xiao-ble1 on B.Cu
[clearance]: Clearance violation (pad clearance 0.1000 mm; actual 0.0000 mm)
    Local override; Severity: error
    @(-5.8420 mm, -58.5800 mm): Pad [<no net>] of xiao-ble1 on F.Cu
    @(-6.3500 mm, -58.5800 mm): Pad [<no net>] of xiao-ble1 on F.Cu
[clearance]: Clearance violation (pad clearance 0.1000 mm; actual 0.0000 mm)
    Local override; Severity: error
    @(-5.8420 mm, -58.5800 mm): Pad [<no net>] of xiao-ble1 on B.Cu
    @(-6.3500 mm, -58.5800 mm): Pad [<no net>] of xiao-ble1 on B.Cu
[hole_clearance]: Hole clearance violation (board setup constraints hole clearance 0.2500 mm; actual 0.2200 mm)
    Rule: board setup constraints hole; Severity: error
    @(-6.3500 mm, -58.5800 mm): Pad [<no net>] of xiao-ble1 on F.Cu
    @(-7.6200 mm, -58.5800 mm): PTH pad [<no net>] of xiao-ble1
[hole_clearance]: Hole clearance violation (board setup constraints hole clearance 0.2500 mm; actual 0.2200 mm)
    Rule: board setup constraints hole; Severity: error
    @(-6.3500 mm, -58.5800 mm): Pad [<no net>] of xiao-ble1 on B.Cu
    @(-7.6200 mm, -58.5800 mm): PTH pad [<no net>] of xiao-ble1
[hole_clearance]: Hole clearance violation (board setup constraints hole clearance 0.2500 mm; actual 0.2200 mm)
    Rule: board setup constraints hole; Severity: error
    @(7.6200 mm, -56.0400 mm): PTH pad [<no net>] of xiao-ble1
    @(6.3500 mm, -56.0400 mm): Pad [<no net>] of xiao-ble1 on F.Cu
[hole_clearance]: Hole clearance violation (board setup constraints hole clearance 0.2500 mm; actual 0.2200 mm)
    Rule: board setup constraints hole; Severity: error
    @(7.6200 mm, -56.0400 mm): PTH pad [<no net>] of xiao-ble1
    @(6.3500 mm, -56.0400 mm): Pad [<no net>] of xiao-ble1 on B.Cu
[clearance]: Clearance violation (pad clearance 0.1000 mm; actual 0.0000 mm)
    Local override; Severity: error
    @(6.3500 mm, -56.0400 mm): Pad [<no net>] of xiao-ble1 on F.Cu
    @(5.8420 mm, -56.0400 mm): Pad [<no net>] of xiao-ble1 on F.Cu
[clearance]: Clearance violation (pad clearance 0.1000 mm; actual 0.0000 mm)
    Local override; Severity: error
    @(6.3500 mm, -56.0400 mm): Pad [<no net>] of xiao-ble1 on B.Cu
    @(5.8420 mm, -56.0400 mm): Pad [<no net>] of xiao-ble1 on B.Cu
[clearance]: Clearance violation (pad clearance 0.1000 mm; actual 0.0000 mm)
    Local override; Severity: error
    @(-5.8420 mm, -56.0400 mm): Pad [<no net>] of xiao-ble1 on F.Cu
    @(-6.3500 mm, -56.0400 mm): Pad [<no net>] of xiao-ble1 on F.Cu
[clearance]: Clearance violation (pad clearance 0.1000 mm; actual 0.0000 mm)
    Local override; Severity: error
    @(-5.8420 mm, -56.0400 mm): Pad [<no net>] of xiao-ble1 on B.Cu
    @(-6.3500 mm, -56.0400 mm): Pad [<no net>] of xiao-ble1 on B.Cu
[hole_clearance]: Hole clearance violation (board setup constraints hole clearance 0.2500 mm; actual 0.2200 mm)
    Rule: board setup constraints hole; Severity: error
    @(-6.3500 mm, -56.0400 mm): Pad [<no net>] of xiao-ble1 on F.Cu
    @(-7.6200 mm, -56.0400 mm): PTH pad [<no net>] of xiao-ble1
[hole_clearance]: Hole clearance violation (board setup constraints hole clearance 0.2500 mm; actual 0.2200 mm)
    Rule: board setup constraints hole; Severity: error
    @(-6.3500 mm, -56.0400 mm): Pad [<no net>] of xiao-ble1 on B.Cu
    @(-7.6200 mm, -56.0400 mm): PTH pad [<no net>] of xiao-ble1
[hole_clearance]: Hole clearance violation (board setup constraints hole clearance 0.2500 mm; actual 0.2200 mm)
    Rule: board setup constraints hole; Severity: error
    @(7.6200 mm, -53.5000 mm): PTH pad [<no net>] of xiao-ble1
    @(6.3500 mm, -53.5000 mm): Pad [<no net>] of xiao-ble1 on F.Cu
[hole_clearance]: Hole clearance violation (board setup constraints hole clearance 0.2500 mm; actual 0.2200 mm)
    Rule: board setup constraints hole; Severity: error
    @(7.6200 mm, -53.5000 mm): PTH pad [<no net>] of xiao-ble1
    @(6.3500 mm, -53.5000 mm): Pad [<no net>] of xiao-ble1 on B.Cu
[clearance]: Clearance violation (pad clearance 0.1000 mm; actual 0.0000 mm)
    Local override; Severity: error
    @(6.3500 mm, -53.5000 mm): Pad [<no net>] of xiao-ble1 on F.Cu
    @(5.8420 mm, -53.5000 mm): Pad [<no net>] of xiao-ble1 on F.Cu
[clearance]: Clearance violation (pad clearance 0.1000 mm; actual 0.0000 mm)
    Local override; Severity: error
    @(6.3500 mm, -53.5000 mm): Pad [<no net>] of xiao-ble1 on B.Cu
    @(5.8420 mm, -53.5000 mm): Pad [<no net>] of xiao-ble1 on B.Cu
[clearance]: Clearance violation (pad clearance 0.1000 mm; actual 0.0000 mm)
    Local override; Severity: error
    @(-5.8420 mm, -53.5000 mm): Pad [<no net>] of xiao-ble1 on F.Cu
    @(-6.3500 mm, -53.5000 mm): Pad [<no net>] of xiao-ble1 on F.Cu
[clearance]: Clearance violation (pad clearance 0.1000 mm; actual 0.0000 mm)
    Local override; Severity: error
    @(-5.8420 mm, -53.5000 mm): Pad [<no net>] of xiao-ble1 on B.Cu
    @(-6.3500 mm, -53.5000 mm): Pad [<no net>] of xiao-ble1 on B.Cu
[hole_clearance]: Hole clearance violation (board setup constraints hole clearance 0.2500 mm; actual 0.2200 mm)
    Rule: board setup constraints hole; Severity: error
    @(-6.3500 mm, -53.5000 mm): Pad [<no net>] of xiao-ble1 on F.Cu
    @(-7.6200 mm, -53.5000 mm): PTH pad [<no net>] of xiao-ble1
[hole_clearance]: Hole clearance violation (board setup constraints hole clearance 0.2500 mm; actual 0.2200 mm)
    Rule: board setup constraints hole; Severity: error
    @(-6.3500 mm, -53.5000 mm): Pad [<no net>] of xiao-ble1 on B.Cu
    @(-7.6200 mm, -53.5000 mm): PTH pad [<no net>] of xiao-ble1
[hole_clearance]: Hole clearance violation (board setup constraints hole clearance 0.2500 mm; actual 0.2200 mm)
    Rule: board setup constraints hole; Severity: error
    @(7.6200 mm, -50.9600 mm): PTH pad [<no net>] of xiao-ble1
    @(6.3500 mm, -50.9600 mm): Pad [<no net>] of xiao-ble1 on F.Cu
[hole_clearance]: Hole clearance violation (board setup constraints hole clearance 0.2500 mm; actual 0.2200 mm)
    Rule: board setup constraints hole; Severity: error
    @(7.6200 mm, -50.9600 mm): PTH pad [<no net>] of xiao-ble1
    @(6.3500 mm, -50.9600 mm): Pad [<no net>] of xiao-ble1 on B.Cu
[clearance]: Clearance violation (pad clearance 0.1000 mm; actual 0.0000 mm)
    Local override; Severity: error
    @(6.3500 mm, -50.9600 mm): Pad [<no net>] of xiao-ble1 on F.Cu
    @(5.8420 mm, -50.9600 mm): Pad [<no net>] of xiao-ble1 on F.Cu
[clearance]: Clearance violation (pad clearance 0.1000 mm; actual 0.0000 mm)
    Local override; Severity: error
    @(6.3500 mm, -50.9600 mm): Pad [<no net>] of xiao-ble1 on B.Cu
    @(5.8420 mm, -50.9600 mm): Pad [<no net>] of xiao-ble1 on B.Cu
[clearance]: Clearance violation (pad clearance 0.1000 mm; actual 0.0000 mm)
    Local override; Severity: error
    @(-5.8420 mm, -50.9600 mm): Pad [<no net>] of xiao-ble1 on F.Cu
    @(-6.3500 mm, -50.9600 mm): Pad [<no net>] of xiao-ble1 on F.Cu
[clearance]: Clearance violation (pad clearance 0.1000 mm; actual 0.0000 mm)
    Local override; Severity: error
    @(-5.8420 mm, -50.9600 mm): Pad [<no net>] of xiao-ble1 on B.Cu
    @(-6.3500 mm, -50.9600 mm): Pad [<no net>] of xiao-ble1 on B.Cu
[hole_clearance]: Hole clearance violation (board setup constraints hole clearance 0.2500 mm; actual 0.2200 mm)
    Rule: board setup constraints hole; Severity: error
    @(-6.3500 mm, -50.9600 mm): Pad [<no net>] of xiao-ble1 on F.Cu
    @(-7.6200 mm, -50.9600 mm): PTH pad [<no net>] of xiao-ble1
[hole_clearance]: Hole clearance violation (board setup constraints hole clearance 0.2500 mm; actual 0.2200 mm)
    Rule: board setup constraints hole; Severity: error
    @(-6.3500 mm, -50.9600 mm): Pad [<no net>] of xiao-ble1 on B.Cu
    @(-7.6200 mm, -50.9600 mm): PTH pad [<no net>] of xiao-ble1
[hole_clearance]: Hole clearance violation (board setup constraints hole clearance 0.2500 mm; actual 0.2200 mm)
    Rule: board setup constraints hole; Severity: error
    @(7.6200 mm, -48.4200 mm): PTH pad [<no net>] of xiao-ble1
    @(6.3500 mm, -48.4200 mm): Pad [<no net>] of xiao-ble1 on F.Cu
[hole_clearance]: Hole clearance violation (board setup constraints hole clearance 0.2500 mm; actual 0.2200 mm)
    Rule: board setup constraints hole; Severity: error
    @(7.6200 mm, -48.4200 mm): PTH pad [<no net>] of xiao-ble1
    @(6.3500 mm, -48.4200 mm): Pad [<no net>] of xiao-ble1 on B.Cu
[clearance]: Clearance violation (pad clearance 0.1000 mm; actual 0.0000 mm)
    Local override; Severity: error
    @(6.3500 mm, -48.4200 mm): Pad [<no net>] of xiao-ble1 on F.Cu
    @(5.8420 mm, -48.4200 mm): Pad [<no net>] of xiao-ble1 on F.Cu
[clearance]: Clearance violation (pad clearance 0.1000 mm; actual 0.0000 mm)
    Local override; Severity: error
    @(6.3500 mm, -48.4200 mm): Pad [<no net>] of xiao-ble1 on B.Cu
    @(5.8420 mm, -48.4200 mm): Pad [<no net>] of xiao-ble1 on B.Cu
[clearance]: Clearance violation (pad clearance 0.1000 mm; actual 0.0000 mm)
    Local override; Severity: error
    @(-5.8420 mm, -48.4200 mm): Pad [<no net>] of xiao-ble1 on F.Cu
    @(-6.3500 mm, -48.4200 mm): Pad [<no net>] of xiao-ble1 on F.Cu
[clearance]: Clearance violation (pad clearance 0.1000 mm; actual 0.0000 mm)
    Local override; Severity: error
    @(-5.8420 mm, -48.4200 mm): Pad [<no net>] of xiao-ble1 on B.Cu
    @(-6.3500 mm, -48.4200 mm): Pad [<no net>] of xiao-ble1 on B.Cu
[hole_clearance]: Hole clearance violation (board setup constraints hole clearance 0.2500 mm; actual 0.2200 mm)
    Rule: board setup constraints hole; Severity: error
    @(-6.3500 mm, -48.4200 mm): Pad [<no net>] of xiao-ble1 on F.Cu
    @(-7.6200 mm, -48.4200 mm): PTH pad [<no net>] of xiao-ble1
[hole_clearance]: Hole clearance violation (board setup constraints hole clearance 0.2500 mm; actual 0.2200 mm)
    Rule: board setup constraints hole; Severity: error
    @(-6.3500 mm, -48.4200 mm): Pad [<no net>] of xiao-ble1 on B.Cu
    @(-7.6200 mm, -48.4200 mm): PTH pad [<no net>] of xiao-ble1
[hole_clearance]: Hole clearance violation (board setup constraints hole clearance 0.2500 mm; actual 0.2200 mm)
    Rule: board setup constraints hole; Severity: error
    @(7.6200 mm, -45.8800 mm): PTH pad [<no net>] of xiao-ble1
    @(6.3500 mm, -45.8800 mm): Pad [<no net>] of xiao-ble1 on F.Cu
[hole_clearance]: Hole clearance violation (board setup constraints hole clearance 0.2500 mm; actual 0.2200 mm)
    Rule: board setup constraints hole; Severity: error
    @(7.6200 mm, -45.8800 mm): PTH pad [<no net>] of xiao-ble1
    @(6.3500 mm, -45.8800 mm): Pad [<no net>] of xiao-ble1 on B.Cu
[clearance]: Clearance violation (pad clearance 0.1000 mm; actual 0.0000 mm)
    Local override; Severity: error
    @(6.3500 mm, -45.8800 mm): Pad [<no net>] of xiao-ble1 on F.Cu
    @(5.8420 mm, -45.8800 mm): Pad [<no net>] of xiao-ble1 on F.Cu
[clearance]: Clearance violation (pad clearance 0.1000 mm; actual 0.0000 mm)
    Local override; Severity: error
    @(6.3500 mm, -45.8800 mm): Pad [<no net>] of xiao-ble1 on B.Cu
    @(5.8420 mm, -45.8800 mm): Pad [<no net>] of xiao-ble1 on B.Cu
[clearance]: Clearance violation (pad clearance 0.1000 mm; actual 0.0000 mm)
    Local override; Severity: error
    @(-5.8420 mm, -45.8800 mm): Pad [<no net>] of xiao-ble1 on F.Cu
    @(-6.3500 mm, -45.8800 mm): Pad [<no net>] of xiao-ble1 on F.Cu
[clearance]: Clearance violation (pad clearance 0.1000 mm; actual 0.0000 mm)
    Local override; Severity: error
    @(-5.8420 mm, -45.8800 mm): Pad [<no net>] of xiao-ble1 on B.Cu
    @(-6.3500 mm, -45.8800 mm): Pad [<no net>] of xiao-ble1 on B.Cu
[hole_clearance]: Hole clearance violation (board setup constraints hole clearance 0.2500 mm; actual 0.2200 mm)
    Rule: board setup constraints hole; Severity: error
    @(-6.3500 mm, -45.8800 mm): Pad [<no net>] of xiao-ble1 on F.Cu
    @(-7.6200 mm, -45.8800 mm): PTH pad [<no net>] of xiao-ble1
[hole_clearance]: Hole clearance violation (board setup constraints hole clearance 0.2500 mm; actual 0.2200 mm)
    Rule: board setup constraints hole; Severity: error
    @(-6.3500 mm, -45.8800 mm): Pad [<no net>] of xiao-ble1 on B.Cu
    @(-7.6200 mm, -45.8800 mm): PTH pad [<no net>] of xiao-ble1

** Found 0 unconnected pads **

** Found 0 Footprint errors **

** End of Report **
